<html>
  <head></head>
  <body>
    <ul>
      <li>
        <p>listitem 1-1</p>
      </li>
      <li>
        <ul>
          <li>
            <p>listitem 2-1</p>
          </li>
          <li>
            <p>listitem 2-2</p>
          </li>
          <li>
            <ul>
              <li>
                <p>listitem 3-1</p>
              </li>
            </ul>
          </li>
        </ul>
      </li>
      <li>
        <p>listitem 1-2</p>
      </li>
    </ul>
  </body>
</html>
